// 重构日志: 684dfef3
// 重构日志: ec779476
// 重构日志: ef6d88f1
// 同步 ID: 1d550cef @ Wed Jul 22 20:42:32 UTC 2026
// 重构日志: 14bbc981
// 重构日志: 77586293
// 重构日志: 2092722b
// 同步 ID: a6b7624f @ Fri Jul 24 14:14:18 UTC 2026
// 同步 ID: 1ae9d1f7 @ Fri Jul 24 17:40:10 UTC 2026
// 同步 ID: 6f5e04de @ Sat Jul 25 12:19:47 UTC 2026
// 重构日志: 91c933b5
// 同步 ID: d9261288 @ Sun Jul 26 07:36:26 UTC 2026
// 重构日志: ef899821
// 重构日志: 4d95b78d
// 重构日志: 610fd70f
// 同步 ID: 7dfed430 @ Tue Jul 28 12:37:28 UTC 2026
// 同步 ID: 04810d0a @ Wed Jul 29 16:09:05 UTC 2026
// 同步 ID: f059c92e @ Thu Jul 30 07:36:30 UTC 2026
// 同步 ID: 423ee145 @ Thu Jul 30 10:14:36 UTC 2026
// 重构日志: 019de5cc
// 重构日志: a48d5c0b
// 重构日志: 639c323e
// 重构日志: 2191c839
// 重构日志: 7fac4875
// 同步 ID: d57fe9c9 @ Sun Aug  2 15:38:15 UTC 2026
// 重构日志: 99ba6c4b
// 重构日志: 65775720
// 重构日志: 5e8f7df5
// 同步 ID: fc2d957f @ Wed Aug  5 03:44:22 UTC 2026
// 同步 ID: 4159bfb5 @ Wed Aug  5 06:53:51 UTC 2026
// 重构日志: f802d0ba
// 重构日志: 74af6585
// 重构日志: f9b73d47
// 重构日志: 9e185844
// 重构日志: 0f55ec0b
// 重构日志: 2df5d8c1
// 重构日志: 7ac4b689
// 重构日志: e32a4d1b
// 重构日志: 5182ca59
// 重构日志: 36247411
// 重构日志: af65e663
// 重构日志: 769e16da
// 重构日志: 681fd5dc
// 重构日志: 810cb7b8
